Component: ARM Compiler 5.05 update 1 (build 106) Tool: armlink [4d0efa]

==============================================================================

Section Cross References

    main.o(.text) refers to _printf_pad.o(.text) for _printf_pre_padding
    main.o(.text) refers to _printf_percent.o(.ARM.Collect$$_printf_percent$$00000000) for _printf_percent
    main.o(.text) refers to _printf_d.o(.ARM.Collect$$_printf_percent$$00000009) for _printf_d
    main.o(.text) refers to _printf_dec.o(.text) for _printf_int_dec
    main.o(.text) refers to _printf_s.o(.ARM.Collect$$_printf_percent$$00000014) for _printf_s
    main.o(.text) refers to _printf_str.o(.text) for _printf_str
    main.o(.text) refers to _printf_x.o(.ARM.Collect$$_printf_percent$$0000000C) for _printf_x
    main.o(.text) refers to _printf_hex_int_ll_ptr.o(.text) for _printf_longlong_hex
    main.o(.text) refers to stm32f10x_rcc.o(.text) for RCC_APB2PeriphClockCmd
    main.o(.text) refers to stm32f10x_gpio.o(.text) for GPIO_Init
    main.o(.text) refers to lcd.o(.text) for LCD_Scan_Dir
    main.o(.text) refers to __2sprintf.o(.text) for __2sprintf
    main.o(.text) refers to ff.o(.text) for f_open
    main.o(.text) refers to malloc.o(.text) for mymalloc
    main.o(.text) refers to exfuns.o(.text) for f_typetell
    main.o(.text) refers to exti.o(.data) for ov_sta
    main.o(.text) refers to lcd.o(.bss) for lcddev
    main.o(.text) refers to timer.o(.data) for ov_frame
    main.o(.text) refers to exfuns.o(.data) for ftemp
    main.o(.text) refers to lcd.o(.data) for POINT_COLOR
    main.o(.text) refers to delay.o(.text) for delay_init
    main.o(.text) refers to sys.o(.text) for NVIC_Configuration
    main.o(.text) refers to usart.o(.text) for uart_init
    main.o(.text) refers to key.o(.text) for KEY_Init
    main.o(.text) refers to rc522.o(.text) for InitRc522
    main.o(.text) refers to usart3.o(.text) for usart3_init
    main.o(.text) refers to w25qxx.o(.text) for W25QXX_Init
    main.o(.text) refers to vs10xx.o(.text) for VS_Init
    main.o(.text) refers to sdio_sdcard.o(.text) for SD_Init
    main.o(.text) refers to ov7725.o(.text) for OV7725_Init
    main.o(.text) refers to fontupd.o(.text) for font_init
    main.o(.text) refers to tpad.o(.text) for TPAD_Init
    main.o(.text) refers to piclib.o(.text) for piclib_init
    main.o(.text) refers to mp3player.o(.text) for mp3_play
    main.o(.text) refers to text.o(.text) for Show_Str
    main.o(.text) refers to __2printf.o(.text) for __2printf
    main.o(.text) refers to common.o(.text) for atk_8266_send_cmd
    main.o(.text) refers to wifiap.o(.text) for TIM3_PWM_Init
    main.o(.text) refers to stm32f10x_tim.o(.text) for TIM_SetCompare2
    main.o(.text) refers to main.o(.data) for p
    main.o(.text) refers to touch.o(.data) for tp_dev
    main.o(.text) refers to usmart_config.o(.data) for usmart_dev
    main.o(.text) refers to main.o(.bss) for ipbuf
    main.o(.text) refers to usart3.o(.data) for USART3_RX_STA
    main.o(.text) refers to usart3.o(.bss) for USART3_RX_BUF
    main.o(.text) refers to usart.o(.bss) for USART_RX_BUF
    main.o(.text) refers to timer.o(.text) for TIM6_Int_Init
    main.o(.text) refers to exti.o(.text) for EXTI8_Init
    main.o(.text) refers to bmp.o(.text) for bmp_encode
    main.o(.data) refers to main.o(.conststring) for .conststring
    system_stm32f10x.o(.text) refers to system_stm32f10x.o(.data) for SystemCoreClock
    startup_stm32f10x_hd.o(STACK) refers (Special) to heapauxi.o(.text) for __use_two_region_memory
    startup_stm32f10x_hd.o(HEAP) refers (Special) to heapauxi.o(.text) for __use_two_region_memory
    startup_stm32f10x_hd.o(RESET) refers (Special) to heapauxi.o(.text) for __use_two_region_memory
    startup_stm32f10x_hd.o(RESET) refers to startup_stm32f10x_hd.o(STACK) for __initial_sp
    startup_stm32f10x_hd.o(RESET) refers to startup_stm32f10x_hd.o(.text) for Reset_Handler
    startup_stm32f10x_hd.o(RESET) refers to stm32f10x_it.o(.text) for NMI_Handler
    startup_stm32f10x_hd.o(RESET) refers to exti.o(.text) for EXTI0_IRQHandler
    startup_stm32f10x_hd.o(RESET) refers to timer.o(.text) for TIM2_IRQHandler
    startup_stm32f10x_hd.o(RESET) refers to usmart.o(.text) for TIM4_IRQHandler
    startup_stm32f10x_hd.o(RESET) refers to usart.o(.text) for USART1_IRQHandler
    startup_stm32f10x_hd.o(RESET) refers to usart3.o(.text) for USART3_IRQHandler
    startup_stm32f10x_hd.o(RESET) refers to sdio_sdcard.o(.text) for SDIO_IRQHandler
    startup_stm32f10x_hd.o(.text) refers (Special) to heapauxi.o(.text) for __use_two_region_memory
    startup_stm32f10x_hd.o(.text) refers to system_stm32f10x.o(.text) for SystemInit
    startup_stm32f10x_hd.o(.text) refers to __main.o(!!!main) for __main
    startup_stm32f10x_hd.o(.text) refers to startup_stm32f10x_hd.o(HEAP) for Heap_Mem
    startup_stm32f10x_hd.o(.text) refers to startup_stm32f10x_hd.o(STACK) for Stack_Mem
    stm32f10x_adc.o(.text) refers to stm32f10x_rcc.o(.text) for RCC_APB2PeriphResetCmd
[...]
    SCCB_Init                                0x0800c181   Thumb Code   102  sccb.o(.text)
    SCCB_Start                               0x0800c1e7   Thumb Code    42  sccb.o(.text)
    SCCB_Stop                                0x0800c211   Thumb Code    42  sccb.o(.text)
    SCCB_No_Ack                              0x0800c23b   Thumb Code    54  sccb.o(.text)
    SCCB_WR_Byte                             0x0800c271   Thumb Code   152  sccb.o(.text)
    SCCB_RD_Byte                             0x0800c309   Thumb Code   104  sccb.o(.text)
    SCCB_WR_Reg                              0x0800c371   Thumb Code    62  sccb.o(.text)
    SCCB_RD_Reg                              0x0800c3af   Thumb Code    78  sccb.o(.text)
    AT24CXX_Init                             0x0800c415   Thumb Code     8  24cxx.o(.text)
    AT24CXX_ReadOneByte                      0x0800c41d   Thumb Code    88  24cxx.o(.text)
    AT24CXX_WriteOneByte                     0x0800c475   Thumb Code    80  24cxx.o(.text)
    AT24CXX_WriteLenByte                     0x0800c4c5   Thumb Code    42  24cxx.o(.text)
    AT24CXX_ReadLenByte                      0x0800c4ef   Thumb Code    44  24cxx.o(.text)
    AT24CXX_Check                            0x0800c51b   Thumb Code    46  24cxx.o(.text)
    AT24CXX_Read                             0x0800c549   Thumb Code    34  24cxx.o(.text)
    AT24CXX_Write                            0x0800c56b   Thumb Code    36  24cxx.o(.text)
    IIC_Init                                 0x0800c591   Thumb Code    46  myiic.o(.text)
    IIC_Start                                0x0800c5bf   Thumb Code    64  myiic.o(.text)
    IIC_Stop                                 0x0800c5ff   Thumb Code    66  myiic.o(.text)
    IIC_Wait_Ack                             0x0800c641   Thumb Code    86  myiic.o(.text)
    IIC_Ack                                  0x0800c697   Thumb Code    70  myiic.o(.text)
    IIC_NAck                                 0x0800c6dd   Thumb Code    70  myiic.o(.text)
    IIC_Send_Byte                            0x0800c723   Thumb Code   104  myiic.o(.text)
    IIC_Read_Byte                            0x0800c78b   Thumb Code   100  myiic.o(.text)
    CT_Delay                                 0x0800c7fd   Thumb Code    10  ctiic.o(.text)
    CT_IIC_Init                              0x0800c807   Thumb Code    72  ctiic.o(.text)
    CT_IIC_Start                             0x0800c84f   Thumb Code    66  ctiic.o(.text)
    CT_IIC_Stop                              0x0800c891   Thumb Code    60  ctiic.o(.text)
    CT_IIC_Wait_Ack                          0x0800c8cd   Thumb Code    86  ctiic.o(.text)
    CT_IIC_Ack                               0x0800c923   Thumb Code    70  ctiic.o(.text)
    CT_IIC_NAck                              0x0800c969   Thumb Code    70  ctiic.o(.text)
    CT_IIC_Send_Byte                         0x0800c9af   Thumb Code    86  ctiic.o(.text)
    CT_IIC_Read_Byte                         0x0800ca05   Thumb Code   100  ctiic.o(.text)
    FT5206_WR_Reg                            0x0800ca81   Thumb Code    82  ft5206.o(.text)
    FT5206_RD_Reg                            0x0800cad3   Thumb Code    88  ft5206.o(.text)
    FT5206_Init                              0x0800cb2b   Thumb Code   216  ft5206.o(.text)
    FT5206_Scan                              0x0800cc03   Thumb Code   400  ft5206.o(.text)
    GT9147_WR_Reg                            0x0800cdb9   Thumb Code    92  gt9147.o(.text)
    GT9147_Send_Cfg                          0x0800ce15   Thumb Code    86  gt9147.o(.text)
    GT9147_RD_Reg                            0x0800ce6b   Thumb Code    98  gt9147.o(.text)
    GT9147_Init                              0x0800cecd   Thumb Code   268  gt9147.o(.text)
    GT9147_Scan                              0x0800cfd9   Thumb Code   494  gt9147.o(.text)
    OTT2001A_WR_Reg                          0x0800d211   Thumb Code    92  ott2001a.o(.text)
    OTT2001A_RD_Reg                          0x0800d26d   Thumb Code    98  ott2001a.o(.text)
    OTT2001A_SensorControl                   0x0800d2cf   Thumb Code    28  ott2001a.o(.text)
    OTT2001A_Init                            0x0800d2eb   Thumb Code   156  ott2001a.o(.text)
    OTT2001A_Scan                            0x0800d387   Thumb Code   446  ott2001a.o(.text)
    TP_Write_Byte                            0x0800d57d   Thumb Code    64  touch.o(.text)
    TP_Read_AD                               0x0800d5bd   Thumb Code   136  touch.o(.text)
    TP_Read_XOY                              0x0800d645   Thumb Code   120  touch.o(.text)
    TP_Read_XY                               0x0800d6bd   Thumb Code    38  touch.o(.text)
    TP_Read_XY2                              0x0800d6e3   Thumb Code   192  touch.o(.text)
    TP_Drow_Touch_Point                      0x0800d7a3   Thumb Code   108  touch.o(.text)
    TP_Draw_Big_Point                        0x0800d80f   Thumb Code    54  touch.o(.text)
    TP_Scan                                  0x0800d845   Thumb Code   264  touch.o(.text)
    TP_Save_Adjdata                          0x0800d94d   Thumb Code    24  touch.o(.text)
    TP_Get_Adjdata                           0x0800d965   Thumb Code   104  touch.o(.text)
    TP_Adj_Info_Show                         0x0800d9cd   Thumb Code   374  touch.o(.text)
    TP_Adjust                                0x0800db43   Thumb Code  2128  touch.o(.text)
    TP_Init                                  0x0800e393   Thumb Code   330  touch.o(.text)
    USART3_IRQHandler                        0x0800e531   Thumb Code    94  usart3.o(.text)
    usart3_init                              0x0800e58f   Thumb Code   192  usart3.o(.text)
    u3_printf                                0x0800e64f   Thumb Code    72  usart3.o(.text)
    mp3_index_show                           0x0800e6b1   Thumb Code    64  mp3player.o(.text)
    mp3_vol_show                             0x0800e6f1   Thumb Code    46  mp3player.o(.text)
    mp3_msg_show                             0x0800e71f   Thumb Code    86  mp3player.o(.text)
    mp3_get_tnum                             0x0800e775   Thumb Code   116  mp3player.o(.text)
    mp3_play_song                            0x0800e7e9   Thumb Code   368  mp3player.o(.text)
    mp3_play                                 0x0800e959   Thumb Code   178  mp3player.o(.text)
    mp3_play2                                0x0800ea0b   Thumb Code   178  mp3player.o(.text)
    mp3_play3                                0x0800eabd   Thumb Code   252  mp3player.o(.text)
    VS_SPI_ReadWriteByte                     0x0800ebd5   Thumb Code    14  vs10xx.o(.text)
    VS_SPI_SpeedLow                          0x0800ebe3   Thumb Code    10  vs10xx.o(.text)
    VS_SPI_SpeedHigh                         0x0800ebed   Thumb Code    10  vs10xx.o(.text)
    VS_Init                                  0x0800ebf7   Thumb Code    84  vs10xx.o(.text)
    VS_WR_Cmd                                0x0800ec4b   Thumb Code    72  vs10xx.o(.text)
    VS_RD_Reg                                0x0800ec93   Thumb Code    88  vs10xx.o(.text)
    VS_Soft_Reset                            0x0800eceb   Thumb Code   124  vs10xx.o(.text)
    VS_HD_Reset                              0x0800ed67   Thumb Code    76  vs10xx.o(.text)
    VS_Sine_Test                             0x0800edb3   Thumb Code   306  vs10xx.o(.text)
    VS_Ram_Test                              0x0800eee5   Thumb Code   106  vs10xx.o(.text)
    VS_WR_Data                               0x0800ef4f   Thumb Code    30  vs10xx.o(.text)
    VS_WRAM_Read                             0x0800ef6d   Thumb Code    24  vs10xx.o(.text)
    VS_WRAM_Write                            0x0800ef85   Thumb Code    34  vs10xx.o(.text)
    VS_Set_Speed                             0x0800efa7   Thumb Code    16  vs10xx.o(.text)
    VS_Get_HeadInfo                          0x0800efb7   Thumb Code   200  vs10xx.o(.text)
    VS_Get_ByteRate                          0x0800f07f   Thumb Code    12  vs10xx.o(.text)
    VS_Get_EndFillByte                       0x0800f08b   Thumb Code    12  vs10xx.o(.text)
    VS_Send_MusicData                        0x0800f097   Thumb Code    50  vs10xx.o(.text)
    VS_Restart_Play                          0x0800f0c9   Thumb Code   182  vs10xx.o(.text)
    VS_Reset_DecodeTime                      0x0800f17f   Thumb Code    20  vs10xx.o(.text)
    VS_Get_DecodeTime                        0x0800f193   Thumb Code    16  vs10xx.o(.text)
    VS_Load_Patch                            0x0800f1a3   Thumb Code   112  vs10xx.o(.text)
    VS_Set_Vol                               0x0800f213   Thumb Code    38  vs10xx.o(.text)
    VS_Set_Bass                              0x0800f239   Thumb Code   102  vs10xx.o(.text)
    VS_Set_Effect                            0x0800f29f   Thumb Code    54  vs10xx.o(.text)
    VS_SPK_Set                               0x0800f2d5   Thumb Code    26  vs10xx.o(.text)
    VS_Set_All                               0x0800f2ef   Thumb Code    42  vs10xx.o(.text)
    disk_status                              0x0800f329   Thumb Code     6  diskio.o(.text)
    disk_initialize                          0x0800f32f   Thumb Code    52  diskio.o(.text)
    disk_read                                0x0800f363   Thumb Code   122  diskio.o(.text)
    disk_write                               0x0800f3dd   Thumb Code   122  diskio.o(.text)
    disk_ioctl                               0x0800f457   Thumb Code   170  diskio.o(.text)
    get_fattime                              0x0800f501   Thumb Code     4  diskio.o(.text)
    ff_memalloc                              0x0800f505   Thumb Code    14  diskio.o(.text)
    ff_memfree                               0x0800f513   Thumb Code    14  diskio.o(.text)
    clust2sect                               0x0800f6df   Thumb Code    26  ff.o(.text)
    get_fat                                  0x0800f6f9   Thumb Code   242  ff.o(.text)
    put_fat                                  0x0800f7eb   Thumb Code   322  ff.o(.text)
    dir_sdi                                  0x0800faa1   Thumb Code   158  ff.o(.text)
    f_mount                                  0x08010b2b   Thumb Code    86  ff.o(.text)
    f_open                                   0x08010b81   Thumb Code   384  ff.o(.text)
    f_read                                   0x08010d01   Thumb Code   450  ff.o(.text)
    f_write                                  0x08010ec3   Thumb Code   490  ff.o(.text)
    f_sync                                   0x080110ad   Thumb Code   176  ff.o(.text)
    f_close                                  0x0801115d   Thumb Code    32  ff.o(.text)
    f_lseek                                  0x0801117d   Thumb Code   684  ff.o(.text)
    f_opendir                                0x08011429   Thumb Code   136  ff.o(.text)
    f_closedir                               0x080114b1   Thumb Code    22  ff.o(.text)
    f_readdir                                0x080114c7   Thumb Code   114  ff.o(.text)
    f_stat                                   0x08011539   Thumb Code    84  ff.o(.text)
    f_getfree                                0x0801158d   Thumb Code   258  ff.o(.text)
    f_truncate                               0x0801168f   Thumb Code   184  ff.o(.text)
    f_unlink                                 0x08011747   Thumb Code   190  ff.o(.text)
    f_mkdir                                  0x08011805   Thumb Code   380  ff.o(.text)
    f_chmod                                  0x08011981   Thumb Code   112  ff.o(.text)
    f_rename                                 0x080119f1   Thumb Code   290  ff.o(.text)
    f_utime                                  0x08011b13   Thumb Code   110  ff.o(.text)
    f_getlabel                               0x08011b81   Thumb Code   190  ff.o(.text)
    f_setlabel                               0x08011c3f   Thumb Code   482  ff.o(.text)
    f_mkfs                                   0x08011e21   Thumb Code  1578  ff.o(.text)
    f_gets                                   0x0801244b   Thumb Code    82  ff.o(.text)
    f_putc                                   0x080124e1   Thumb Code    64  ff.o(.text)
    f_puts                                   0x08012521   Thumb Code    74  ff.o(.text)
    f_printf                                 0x0801256b   Thumb Code   674  ff.o(.text)
    exfuns_init                              0x0801280d   Thumb Code   114  exfuns.o(.text)
    char_upper                               0x0801287f   Thumb Code    26  exfuns.o(.text)
    f_typetell                               0x08012899   Thumb Code   188  exfuns.o(.text)
    exf_getfree                              0x08012955   Thumb Code    74  exfuns.o(.text)
    ff_convert                               0x080129b5   Thumb Code   146  mycc936_1.o(.text)
    ff_wtoupper                              0x08012a47   Thumb Code    46  mycc936_1.o(.text)
    mf_mount                                 0x08012a81   Thumb Code    20  fattester.o(.text)
    mf_open                                  0x08012a95   Thumb Code    24  fattester.o(.text)
    mf_close                                 0x08012aad   Thumb Code    14  fattester.o(.text)
    mf_read                                  0x08012abb   Thumb Code   224  fattester.o(.text)
    mf_write                                 0x08012b9b   Thumb Code    68  fattester.o(.text)
    mf_opendir                               0x08012bdf   Thumb Code    14  fattester.o(.text)
    mf_closedir                              0x08012bed   Thumb Code    10  fattester.o(.text)
    mf_readdir                               0x08012bf7   Thumb Code   204  fattester.o(.text)
    mf_scan_files                            0x08012cc3   Thumb Code   120  fattester.o(.text)
    mf_showfree                              0x08012d3b   Thumb Code    88  fattester.o(.text)
    mf_lseek                                 0x08012d93   Thumb Code    16  fattester.o(.text)
    mf_tell                                  0x08012da3   Thumb Code     8  fattester.o(.text)
    mf_size                                  0x08012dab   Thumb Code     8  fattester.o(.text)
    mf_mkdir                                 0x08012db3   Thumb Code    12  fattester.o(.text)
    mf_fmkfs                                 0x08012dbf   Thumb Code    20  fattester.o(.text)
    mf_unlink                                0x08012dd3   Thumb Code    12  fattester.o(.text)
    mf_rename                                0x08012ddf   Thumb Code    16  fattester.o(.text)
    mf_getlabel                              0x08012def   Thumb Code    58  fattester.o(.text)
    mf_setlabel                              0x08012e29   Thumb Code    34  fattester.o(.text)
    mf_gets                                  0x08012e4b   Thumb Code   698  fattester.o(.text)
    mf_putc                                  0x08013105   Thumb Code    18  fattester.o(.text)
    mf_puts                                  0x08013117   Thumb Code    18  fattester.o(.text)
    mymemcpy                                 0x08013149   Thumb Code    26  malloc.o(.text)
    mymemset                                 0x08013163   Thumb Code    20  malloc.o(.text)
    my_mem_init                              0x08013177   Thumb Code    54  malloc.o(.text)
    my_mem_perused                           0x080131ad   Thumb Code    54  malloc.o(.text)
    my_mem_malloc                            0x080131e3   Thumb Code   154  malloc.o(.text)
    my_mem_free                              0x0801327d   Thumb Code    94  malloc.o(.text)
    myfree                                   0x080132db   Thumb Code    32  malloc.o(.text)
    mymalloc                                 0x080132fb   Thumb Code    36  malloc.o(.text)
    myrealloc                                0x0801331f   Thumb Code    68  malloc.o(.text)
    stdbmp_decode                            0x08013375   Thumb Code   712  bmp.o(.text)
    minibmp_decode                           0x0801363d   Thumb Code   976  bmp.o(.text)
    bmp_encode                               0x08013a0d   Thumb Code   500  bmp.o(.text)
    gif_check_head                           0x08013c01   Thumb Code    88  gif.o(.text)
    gif_getrgb565                            0x08013c59   Thumb Code    28  gif.o(.text)
    gif_readcolortbl                         0x08013c75   Thumb Code    64  gif.o(.text)
    gif_getinfo                              0x08013cb5   Thumb Code    70  gif.o(.text)
    gif_savegctbl                            0x08013cfb   Thumb Code    38  gif.o(.text)
    gif_recovergctbl                         0x08013d21   Thumb Code    38  gif.o(.text)
    gif_initlzw                              0x08013d47   Thumb Code   152  gif.o(.text)
    gif_getdatablock                         0x08013ddf   Thumb Code    96  gif.o(.text)
    gif_readextension                        0x08013e3f   Thumb Code   160  gif.o(.text)
    gif_getnextcode                          0x08013edf   Thumb Code   452  gif.o(.text)
    gif_getnextbyte                          0x080140a3   Thumb Code   856  gif.o(.text)
    gif_dispimage                            0x080143fb   Thumb Code   544  gif.o(.text)
    gif_clear2bkcolor                        0x0801461b   Thumb Code   496  gif.o(.text)
    gif_drawimage                            0x0801480b   Thumb Code   352  gif.o(.text)
    gif_quit                                 0x0801496b   Thumb Code     8  gif.o(.text)
    gif_decode                               0x08014973   Thumb Code   296  gif.o(.text)
    piclib_draw_hline                        0x08014aa1   Thumb Code    52  piclib.o(.text)
    piclib_fill_color                        0x08014ad5   Thumb Code    44  piclib.o(.text)
    piclib_init                              0x08014b01   Thumb Code    62  piclib.o(.text)
    piclib_alpha_blend                       0x08014b3f   Thumb Code    42  piclib.o(.text)
    ai_draw_init                             0x08014b69   Thumb Code   264  piclib.o(.text)
    is_element_ok                            0x08014c71   Thumb Code    36  piclib.o(.text)
    ai_load_picfile                          0x08014c95   Thumb Code   194  piclib.o(.text)
    pic_memalloc                             0x08014d57   Thumb Code    14  piclib.o(.text)
    pic_memfree                              0x08014d65   Thumb Code    14  piclib.o(.text)
    jd_prepare                               0x08015931   Thumb Code   924  tjpgd.o(.text)
    jd_decomp                                0x08015ccd   Thumb Code   162  tjpgd.o(.text)
    jpeg_mallocall                           0x08015d6f   Thumb Code    70  tjpgd.o(.text)
    jpeg_freeall                             0x08015db5   Thumb Code    28  tjpgd.o(.text)
    jpeg_in_func                             0x08015dd1   Thumb Code    48  tjpgd.o(.text)
    jpeg_out_func_fill                       0x08015e01   Thumb Code    74  tjpgd.o(.text)
    jpeg_out_func_point                      0x08015e4b   Thumb Code   182  tjpgd.o(.text)
    jpg_decode                               0x08015f01   Thumb Code   234  tjpgd.o(.text)
    fupd_prog                                0x08016001   Thumb Code   134  fontupd.o(.text)
    updata_fontx                             0x08016087   Thumb Code   346  fontupd.o(.text)
    update_font                              0x080161e1   Thumb Code   882  fontupd.o(.text)
    font_init                                0x08016553   Thumb Code    64  fontupd.o(.text)
    Get_HzMat                                0x080165d1   Thumb Code   220  text.o(.text)
    Show_Font                                0x080166ad   Thumb Code   190  text.o(.text)
    Show_Str                                 0x0801676b   Thumb Code   192  text.o(.text)
    Show_Str_Mid                             0x0801682b   Thumb Code   106  text.o(.text)
    usmart_sys_cmd_exe                       0x080168a5   Thumb Code  1554  usmart.o(.text)
    usmart_reset_runtime                     0x08016eb7   Thumb Code    38  usmart.o(.text)
    usmart_get_runtime                       0x08016edd   Thumb Code    60  usmart.o(.text)
    TIM4_IRQHandler                          0x08016f19   Thumb Code    46  usmart.o(.text)
    Timer4_Init                              0x08016f47   Thumb Code    88  usmart.o(.text)
    usmart_init                              0x08016f9f   Thumb Code    36  usmart.o(.text)
    usmart_cmd_rec                           0x08016fc3   Thumb Code   170  usmart.o(.text)
    usmart_exe                               0x0801706d   Thumb Code   870  usmart.o(.text)
    usmart_scan                              0x080173d3   Thumb Code   120  usmart.o(.text)
    read_addr                                0x0801744b   Thumb Code     6  usmart.o(.text)
    write_addr                               0x08017451   Thumb Code     4  usmart.o(.text)
    usmart_strcmp                            0x080174dd   Thumb Code    34  usmart_str.o(.text)
    usmart_strcopy                           0x080174ff   Thumb Code    22  usmart_str.o(.text)
    usmart_strlen                            0x08017515   Thumb Code    24  usmart_str.o(.text)
    usmart_pow                               0x0801752d   Thumb Code    22  usmart_str.o(.text)
    usmart_str2num                           0x08017543   Thumb Code   202  usmart_str.o(.text)
    usmart_get_cmdname                       0x0801760d   Thumb Code    54  usmart_str.o(.text)
    usmart_search_nextc                      0x08017643   Thumb Code    22  usmart_str.o(.text)
    usmart_get_fname                         0x08017659   Thumb Code   440  usmart_str.o(.text)
    usmart_get_aparm                         0x08017811   Thumb Code   200  usmart_str.o(.text)
    usmart_get_parmpos                       0x080178d9   Thumb Code    26  usmart_str.o(.text)
    usmart_get_fparam                        0x080178f3   Thumb Code   262  usmart_str.o(.text)
    atk_8266_apsta_test                      0x08017a05   Thumb Code  2030  apsta.o(.text)
    atk_8266_at_response                     0x08018289   Thumb Code    46  common.o(.text)
    atk_8266_check_cmd                       0x080182b7   Thumb Code    44  common.o(.text)
    atk_8266_send_cmd                        0x080182e3   Thumb Code    92  common.o(.text)
    atk_8266_send_data                       0x0801833f   Thumb Code    84  common.o(.text)
    atk_8266_quit_trans                      0x08018393   Thumb Code   100  common.o(.text)
    atk_8266_apsta_check                     0x080183f7   Thumb Code    62  common.o(.text)
    atk_8266_consta_check                    0x08018435   Thumb Code    36  common.o(.text)
    atk_8266_load_keyboard                   0x08018459   Thumb Code   280  common.o(.text)
    atk_8266_key_staset                      0x08018571   Thumb Code   446  common.o(.text)
    atk_8266_get_keynum                      0x0801872f   Thumb Code   230  common.o(.text)
    atk_8266_get_wanip                       0x08018815   Thumb Code    62  common.o(.text)
    atk_8266_get_ip                          0x08018853   Thumb Code   254  common.o(.text)
    atk_8266_msg_show                        0x08018951   Thumb Code   916  common.o(.text)
    atk_8266_wificonf_show                   0x08018ce5   Thumb Code   232  common.o(.text)
    atk_8266_netpro_sel                      0x08018dcd   Thumb Code   506  common.o(.text)
    atk_8266_ip_set                          0x08018fc7   Thumb Code   532  common.o(.text)
    atk_8266_mode_cofig                      0x080191db   Thumb Code   348  common.o(.text)
    atk_8266_mtest_ui                        0x08019337   Thumb Code   168  common.o(.text)
    atk_8266_test                            0x080193df   Thumb Code   836  common.o(.text)
    TIM3_PWM_Init                            0x08019769   Thumb Code   138  wifiap.o(.text)
    atk_8266_wifiap_test                     0x080197f3   Thumb Code   372  wifiap.o(.text)
    atk_8266_wifista_test                    0x080199d5   Thumb Code  2062  wifista.o(.text)
    __use_no_semihosting                     0x0801a25d   Thumb Code     2  use_no_semi_2.o(.text)
    __aeabi_ldivmod                          0x0801a25f   Thumb Code     0  llsdiv.o(.text)
    _ll_sdiv                                 0x0801a25f   Thumb Code    72  llsdiv.o(.text)
    __c89vsprintf                            0x0801a2a9   Thumb Code    32  c89vsprintf.o(.text)
    __2printf                                0x0801a2cd   Thumb Code    20  __2printf.o(.text)
    __2sprintf                               0x0801a2e5   Thumb Code    38  __2sprintf.o(.text)
    _printf_pre_padding                      0x0801a311   Thumb Code    44  _printf_pad.o(.text)
    _printf_post_padding                     0x0801a33d   Thumb Code    34  _printf_pad.o(.text)
    _printf_str                              0x0801a35f   Thumb Code    82  _printf_str.o(.text)
    _printf_int_dec                          0x0801a3b1   Thumb Code   104  _printf_dec.o(.text)
    _printf_longlong_hex                     0x0801a429   Thumb Code    86  _printf_hex_int_ll_ptr.o(.text)
    _printf_int_hex                          0x0801a47f   Thumb Code    28  _printf_hex_int_ll_ptr.o(.text)
    _printf_ll_hex                           0x0801a49b   Thumb Code    12  _printf_hex_int_ll_ptr.o(.text)
    _printf_hex_ptr                          0x0801a4a7   Thumb Code    18  _printf_hex_int_ll_ptr.o(.text)
    __printf                                 0x0801a4bd   Thumb Code   388  __printf_flags_ss_wp.o(.text)
    strstr                                   0x0801a645   Thumb Code    36  strstr.o(.text)
    strcpy                                   0x0801a669   Thumb Code    72  strcpy.o(.text)
    strlen                                   0x0801a6b1   Thumb Code    62  strlen.o(.text)
    strcat                                   0x0801a6ef   Thumb Code    24  strcat.o(.text)
    __aeabi_memcpy                           0x0801a707   Thumb Code     0  rt_memcpy_v6.o(.text)
    __rt_memcpy                              0x0801a707   Thumb Code   138  rt_memcpy_v6.o(.text)
    _memcpy_lastbytes                        0x0801a76d   Thumb Code     0  rt_memcpy_v6.o(.text)
    strcmp                                   0x0801a791   Thumb Code   128  strcmpv7m.o(.text)
    __use_two_region_memory                  0x0801a811   Thumb Code     2  heapauxi.o(.text)
    __rt_heap_escrow$2region                 0x0801a813   Thumb Code     2  heapauxi.o(.text)
    __rt_heap_expand$2region                 0x0801a815   Thumb Code     2  heapauxi.o(.text)
    __I$use$semihosting                      0x0801a817   Thumb Code     0  use_no_semi.o(.text)
    __use_no_semihosting_swi                 0x0801a817   Thumb Code     2  use_no_semi.o(.text)
    __aeabi_uldivmod                         0x0801a819   Thumb Code     0  lludivv7m.o(.text)
    _ll_udiv                                 0x0801a819   Thumb Code   238  lludivv7m.o(.text)
    __read_errno                             0x0801a907   Thumb Code    10  _rserrno.o(.text)
    __set_errno                              0x0801a911   Thumb Code    12  _rserrno.o(.text)
    _printf_truncate_signed                  0x0801a91d   Thumb Code    18  _printf_truncate.o(.text)
    _printf_truncate_unsigned                0x0801a92f   Thumb Code    18  _printf_truncate.o(.text)
    _printf_int_common                       0x0801a941   Thumb Code   178  _printf_intcommon.o(.text)
    _printf_charcount                        0x0801a9f3   Thumb Code    40  _printf_charcount.o(.text)
    _printf_char_common                      0x0801aa27   Thumb Code    32  _printf_char_common.o(.text)
    _sputc                                   0x0801aa4d   Thumb Code    10  _sputc.o(.text)
    _printf_cs_common                        0x0801aa57   Thumb Code    20  _printf_char.o(.text)
    _printf_char                             0x0801aa6b   Thumb Code    16  _printf_char.o(.text)
    _printf_string                           0x0801aa7b   Thumb Code     8  _printf_char.o(.text)
    _printf_char_file                        0x0801aa85   Thumb Code    32  _printf_char_file.o(.text)
    _printf_wctomb                           0x0801aaa9   Thumb Code   182  _printf_wctomb.o(.text)
    _printf_longlong_dec                     0x0801ab65   Thumb Code   108  _printf_longlong_dec.o(.text)
    _printf_longlong_oct                     0x0801abe1   Thumb Code    68  _printf_oct_int_ll.o(.text)
    _printf_int_oct                          0x0801ac25   Thumb Code    24  _printf_oct_int_ll.o(.text)
    _printf_ll_oct                           0x0801ac3d   Thumb Code    12  _printf_oct_int_ll.o(.text)
    __aeabi_memcpy4                          0x0801ac51   Thumb Code     0  rt_memcpy_w.o(.text)
    __aeabi_memcpy8                          0x0801ac51   Thumb Code     0  rt_memcpy_w.o(.text)
    __rt_memcpy_w                            0x0801ac51   Thumb Code   100  rt_memcpy_w.o(.text)
    _memcpy_lastbytes_aligned                0x0801ac99   Thumb Code     0  rt_memcpy_w.o(.text)
    __aeabi_errno_addr                       0x0801acb5   Thumb Code     8  rt_errno_addr_intlibspace.o(.text)
    __errno$intlibspace                      0x0801acb5   Thumb Code     0  rt_errno_addr_intlibspace.o(.text)
    __rt_errno_addr$intlibspace              0x0801acb5   Thumb Code     0  rt_errno_addr_intlibspace.o(.text)
    _ll_udiv10                               0x0801acbd   Thumb Code   138  lludiv10.o(.text)
    __lib_sel_fp_printf                      0x0801ad47   Thumb Code     2  _printf_fp_dec.o(.text)
    _printf_fp_dec_real                      0x0801aef5   Thumb Code   620  _printf_fp_dec.o(.text)
    _printf_lcs_common                       0x0801b161   Thumb Code    20  _printf_wchar.o(.text)
    _printf_wchar                            0x0801b175   Thumb Code    16  _printf_wchar.o(.text)
    _printf_wstring                          0x0801b185   Thumb Code     8  _printf_wchar.o(.text)
    ferror                                   0x0801b18d   Thumb Code     8  ferror.o(.text)
    _wcrtomb                                 0x0801b195   Thumb Code    64  _wcrtomb.o(.text)
    __user_libspace                          0x0801b1d5   Thumb Code     8  libspace.o(.text)
    __user_perproc_libspace                  0x0801b1d5   Thumb Code     0  libspace.o(.text)
    __user_perthread_libspace                0x0801b1d5   Thumb Code     0  libspace.o(.text)
    __user_setup_stackheap                   0x0801b1dd   Thumb Code    74  sys_stackheap_outer.o(.text)
    __rt_ctype_table                         0x0801b229   Thumb Code    16  rt_ctype_table.o(.text)
    __rt_locale                              0x0801b239   Thumb Code     8  rt_locale_intlibspace.o(.text)
    _printf_fp_infnan                        0x0801b241   Thumb Code   112  _printf_fp_infnan.o(.text)
    _btod_etento                             0x0801b2c1   Thumb Code   216  bigflt0.o(.text)
    exit                                     0x0801b39d   Thumb Code    12  exit.o(.text)
    _btod_d2e                                0x0801b3a9   Thumb Code    62  btod.o(CL$$btod_d2e)
    _d2e_denorm_low                          0x0801b3e7   Thumb Code    70  btod.o(CL$$btod_d2e_denorm_low)
    _d2e_norm_op1                            0x0801b42d   Thumb Code    96  btod.o(CL$$btod_d2e_norm_op1)
    __btod_div_common                        0x0801b48d   Thumb Code   696  btod.o(CL$$btod_div_common)
    _e2e                                     0x0801b7c5   Thumb Code   198  btod.o(CL$$btod_e2e)
    _btod_ediv                               0x0801b88b   Thumb Code    40  btod.o(CL$$btod_ediv)
    _btod_emul                               0x0801b8b3   Thumb Code    40  btod.o(CL$$btod_emul)
    __btod_mult_common                       0x0801b8db   Thumb Code   580  btod.o(CL$$btod_mult_common)
    __ARM_fpclassify                         0x0801bb1f   Thumb Code    40  fpclassify.o(i.__ARM_fpclassify)
    _is_digit                                0x0801bb47   Thumb Code    14  __printf_wp.o(i._is_digit)
    sqrt                                     0x0801bb55   Thumb Code    76  sqrt.o(i.sqrt)
    _get_lc_numeric                          0x0801bba1   Thumb Code    44  lc_numeric_c.o(locale$$code)
    _get_lc_ctype                            0x0801bbcd   Thumb Code    44  lc_ctype_c.o(locale$$code)
    __aeabi_dadd                             0x0801bbf9   Thumb Code     0  daddsub_clz.o(x$fpl$dadd)
    _dadd                                    0x0801bbf9   Thumb Code   332  daddsub_clz.o(x$fpl$dadd)
    __fpl_dcmp_Inf                           0x0801bd49   Thumb Code    24  dcmpi.o(x$fpl$dcmpinf)
    __aeabi_d2uiz                            0x0801bd61   Thumb Code     0  dfixu.o(x$fpl$dfixu)
    _dfixu                                   0x0801bd61   Thumb Code    90  dfixu.o(x$fpl$dfixu)
    __aeabi_i2d                              0x0801bdbb   Thumb Code     0  dflt_clz.o(x$fpl$dflt)
    _dflt                                    0x0801bdbb   Thumb Code    46  dflt_clz.o(x$fpl$dflt)
    __aeabi_ui2d                             0x0801bde9   Thumb Code     0  dflt_clz.o(x$fpl$dfltu)
    _dfltu                                   0x0801bde9   Thumb Code    38  dflt_clz.o(x$fpl$dfltu)
    __aeabi_cdcmple                          0x0801be11   Thumb Code     0  dleqf.o(x$fpl$dleqf)
    _dcmple                                  0x0801be11   Thumb Code   120  dleqf.o(x$fpl$dleqf)
    __fpl_dcmple_InfNaN                      0x0801be73   Thumb Code     0  dleqf.o(x$fpl$dleqf)
    __aeabi_dmul                             0x0801be89   Thumb Code     0  dmul.o(x$fpl$dmul)
    _dmul                                    0x0801be89   Thumb Code   332  dmul.o(x$fpl$dmul)
    __fpl_dnaninf                            0x0801bfdd   Thumb Code   156  dnaninf.o(x$fpl$dnaninf)
    __fpl_dretinf                            0x0801c079   Thumb Code    12  dretinf.o(x$fpl$dretinf)
    __aeabi_cdrcmple                         0x0801c085   Thumb Code     0  drleqf.o(x$fpl$drleqf)
    _drcmple                                 0x0801c085   Thumb Code   108  drleqf.o(x$fpl$drleqf)
    __aeabi_drsub                            0x0801c0f1   Thumb Code     0  daddsub_clz.o(x$fpl$drsb)
    _drsb                                    0x0801c0f1   Thumb Code    22  daddsub_clz.o(x$fpl$drsb)
    _dsqrt                                   0x0801c109   Thumb Code   456  dsqrt_noumaal.o(x$fpl$dsqrt)
    __aeabi_dsub                             0x0801c2d5   Thumb Code     0  daddsub_clz.o(x$fpl$dsub)
    _dsub                                    0x0801c2d5   Thumb Code   464  daddsub_clz.o(x$fpl$dsub)
    __aeabi_f2d                              0x0801c4a9   Thumb Code     0  f2d.o(x$fpl$f2d)
    _f2d                                     0x0801c4a9   Thumb Code    86  f2d.o(x$fpl$f2d)
    __aeabi_fadd                             0x0801c501   Thumb Code     0  faddsub_clz.o(x$fpl$fadd)
    _fadd                                    0x0801c501   Thumb Code   196  faddsub_clz.o(x$fpl$fadd)
    __fpl_fcmp_Inf                           0x0801c5c5   Thumb Code    24  fcmpi.o(x$fpl$fcmpinf)
    __aeabi_fdiv                             0x0801c5dd   Thumb Code     0  fdiv.o(x$fpl$fdiv)
    _fdiv                                    0x0801c5dd   Thumb Code   384  fdiv.o(x$fpl$fdiv)
    __aeabi_cfcmpeq                          0x0801c761   Thumb Code     0  feqf.o(x$fpl$feqf)
    _fcmpeq                                  0x0801c761   Thumb Code   104  feqf.o(x$fpl$feqf)
    __aeabi_f2iz                             0x0801c7c9   Thumb Code     0  ffix.o(x$fpl$ffix)
    _ffix                                    0x0801c7c9   Thumb Code    54  ffix.o(x$fpl$ffix)
    __aeabi_f2uiz                            0x0801c801   Thumb Code     0  ffixu.o(x$fpl$ffixu)
    _ffixu                                   0x0801c801   Thumb Code    62  ffixu.o(x$fpl$ffixu)
    __aeabi_i2f                              0x0801c841   Thumb Code     0  fflt_clz.o(x$fpl$fflt)
    _fflt                                    0x0801c841   Thumb Code    48  fflt_clz.o(x$fpl$fflt)
    __aeabi_ui2f                             0x0801c871   Thumb Code     0  fflt_clz.o(x$fpl$ffltu)
    _ffltu                                   0x0801c871   Thumb Code    38  fflt_clz.o(x$fpl$ffltu)
    __aeabi_cfcmple                          0x0801c899   Thumb Code     0  fleqf.o(x$fpl$fleqf)
    _fcmple                                  0x0801c899   Thumb Code   104  fleqf.o(x$fpl$fleqf)
    __fpl_fcmple_InfNaN                      0x0801c8eb   Thumb Code     0  fleqf.o(x$fpl$fleqf)
    __aeabi_fmul                             0x0801c901   Thumb Code     0  fmul.o(x$fpl$fmul)
    _fmul                                    0x0801c901   Thumb Code   258  fmul.o(x$fpl$fmul)
    __fpl_fnaninf                            0x0801ca03   Thumb Code   140  fnaninf.o(x$fpl$fnaninf)
    __fpl_fretinf                            0x0801ca8f   Thumb Code    10  fretinf.o(x$fpl$fretinf)
    __aeabi_cfrcmple                         0x0801ca99   Thumb Code     0  frleqf.o(x$fpl$frleqf)
    _frcmple                                 0x0801ca99   Thumb Code    98  frleqf.o(x$fpl$frleqf)
    __aeabi_fsub                             0x0801cafd   Thumb Code     0  faddsub_clz.o(x$fpl$fsub)
    _fsub                                    0x0801cafd   Thumb Code   234  faddsub_clz.o(x$fpl$fsub)
    _printf_fp_dec                           0x0801cbe7   Thumb Code     4  printf1.o(x$fpl$printf1)
    __I$use$fp                               0x0801cbea   Number         0  usenofp.o(x$fpl$usenofp)
    asc2_1206                                0x0801cbea   Data        1140  lcd.o(.constdata)
    asc2_1608                                0x0801d05e   Data        1520  lcd.o(.constdata)
    asc2_2412                                0x0801d64e   Data        3420  lcd.o(.constdata)
    ov7725_init_reg_tb1                      0x0801e3aa   Data         130  ov7725.o(.constdata)
    FT5206_TPX_TBL                           0x0801e42c   Data          10  ft5206.o(.constdata)
    GT9147_CFG_TBL                           0x0801e436   Data         184  gt9147.o(.constdata)
    GT9147_TPX_TBL                           0x0801e4ee   Data          10  gt9147.o(.constdata)
    OTT_TPX_TBL                              0x0801e4f8   Data          10  ott2001a.o(.constdata)
    TP_REMIND_MSG_TBL                        0x0801e504   Data           4  touch.o(.constdata)
    vs1053b_patch                            0x0801e508   Data       10866  mp3player.o(.constdata)
    bitrate                                  0x08020f7a   Data          64  vs10xx.o(.constdata)
    FILE_TYPE_TBL                            0x08020ff4   Data         312  exfuns.o(.constdata)
    memtblsize                               0x080214ec   Data           8  malloc.o(.constdata)
    memblksize                               0x080214f4   Data           8  malloc.o(.constdata)
    memsize                                  0x080214fc   Data           8  malloc.o(.constdata)
    _aMaskTbl                                0x08021504   Data          32  gif.o(.constdata)
    _aInterlaceOffset                        0x08021524   Data           4  gif.o(.constdata)
    _aInterlaceYPos                          0x08021528   Data           4  gif.o(.constdata)
    GBK24_PATH                               0x080219ec   Data           4  fontupd.o(.constdata)
    GBK16_PATH                               0x080219f0   Data           4  fontupd.o(.constdata)
    GBK12_PATH                               0x080219f4   Data           4  fontupd.o(.constdata)
    UNIGBK_PATH                              0x080219f8   Data           4  fontupd.o(.constdata)
    Region$$Table$$Base                      0x08021e68   Number         0  anon$$obj.o(Region$$Table)
    Region$$Table$$Limit                     0x08021e88   Number         0  anon$$obj.o(Region$$Table)
    __ctype                                  0x08021eb1   Data           0  lc_ctype_c.o(locale$$data)
    portnum                                  0x20000000   Data           4  main.o(.data)
    res                                      0x20000004   Data           1  main.o(.data)
    bww                                      0x20000008   Data           4  main.o(.data)
    p                                        0x2000000c   Data           4  main.o(.data)
    flag                                     0x20000010   Data           4  main.o(.data)
    flagg                                    0x20000014   Data           4  main.o(.data)
    CT                                       0x20000018   Data           2  main.o(.data)
    SN                                       0x2000001a   Data           5  main.o(.data)
    name                                     0x2000001f   Data           7  main.o(.data)
    lxl_bit                                  0x20000026   Data           1  main.o(.data)
    card1_bit                                0x20000027   Data           1  main.o(.data)
    card2_bit                                0x20000028   Data           1  main.o(.data)
    card3_bit                                0x20000029   Data           1  main.o(.data)
    card4_bit                                0x2000002a   Data           1  main.o(.data)
    total                                    0x2000002b   Data           1  main.o(.data)
    lxl                                      0x2000002c   Data           4  main.o(.data)
    card_1                                   0x20000030   Data           4  main.o(.data)
    card_2                                   0x20000034   Data           4  main.o(.data)
    card_3                                   0x20000038   Data           4  main.o(.data)
    card_4                                   0x2000003c   Data           4  main.o(.data)
    KEY                                      0x20000040   Data           6  main.o(.data)
    RFID1                                    0x20000046   Data          16  main.o(.data)
    SystemCoreClock                          0x20000058   Data           4  system_stm32f10x.o(.data)
    AHBPrescTable                            0x2000005c   Data          16  system_stm32f10x.o(.data)
    __stdout                                 0x20000084   Data           4  usart.o(.data)
    USART_RX_STA                             0x20000088   Data           2  usart.o(.data)
    POINT_COLOR                              0x2000008c   Data           2  lcd.o(.data)
    BACK_COLOR                               0x2000008e   Data           2  lcd.o(.data)
    TIM5CH1_CAPTURE_STA                      0x20000090   Data           1  timer.o(.data)
    TIM5CH1_CAPTURE_VAL                      0x20000092   Data           2  timer.o(.data)
    ov_frame                                 0x20000094   Data           1  timer.o(.data)
    TransferError                            0x200000a2   Data           1  sdio_sdcard.o(.data)
    TransferEnd                              0x200000a3   Data           1  sdio_sdcard.o(.data)
    tempbuff                                 0x200000a4   Data           4  sdio_sdcard.o(.data)
    tpad_default_val                         0x200000a8   Data           2  tpad.o(.data)
    W25QXX_TYPE                              0x200000ac   Data           2  w25qxx.o(.data)
    ov_sta                                   0x200000ae   Data           1  exti.o(.data)
    tp_dev                                   0x200000b4   Data          52  touch.o(.data)
    CMD_RDX                                  0x200000e8   Data           1  touch.o(.data)
    CMD_RDY                                  0x200000e9   Data           1  touch.o(.data)
    USART3_RX_STA                            0x200000ea   Data           2  usart3.o(.data)
    f_kbps                                   0x200000ec   Data           2  mp3player.o(.data)
    vsset                                    0x200000f0   Data           8  vs10xx.o(.data)
    FLASH_SECTOR_COUNT                       0x200000f8   Data           2  diskio.o(.data)
    fs                                       0x20000108   Data           8  exfuns.o(.data)
    file                                     0x20000110   Data           4  exfuns.o(.data)
    ftemp                                    0x20000114   Data           4  exfuns.o(.data)
    br                                       0x20000118   Data           4  exfuns.o(.data)
    bw                                       0x2000011c   Data           4  exfuns.o(.data)
    fatbuf                                   0x20000120   Data           4  exfuns.o(.data)
    mallco_dev                               0x20000124   Data          28  malloc.o(.data)
    gifdecoding                              0x20000140   Data           1  gif.o(.data)
    f_jpeg                                   0x20000144   Data           4  tjpgd.o(.data)
    jpeg_dev                                 0x20000148   Data           4  tjpgd.o(.data)
    jpg_buffer                               0x2000014c   Data           4  tjpgd.o(.data)
    sys_cmd_tab                              0x20000150   Data          28  usmart.o(.data)
    usmart_nametab                           0x2000016c   Data          48  usmart_config.o(.data)
    usmart_dev                               0x2000019c   Data         244  usmart_config.o(.data)
    wifista_ssid                             0x20000290   Data           4  common.o(.data)
    wifista_encryption                       0x20000294   Data           4  common.o(.data)
    wifista_password                         0x20000298   Data           4  common.o(.data)
    wifiap_ssid                              0x2000029c   Data           4  common.o(.data)
    wifiap_encryption                        0x200002a0   Data           4  common.o(.data)
    wifiap_password                          0x200002a4   Data           4  common.o(.data)
    ATK_ESP8266_CWMODE_TBL                   0x200002a8   Data          12  common.o(.data)
    ATK_ESP8266_WORKMODE_TBL                 0x200002b4   Data          12  common.o(.data)
    ATK_ESP8266_ECN_TBL                      0x200002c0   Data          20  common.o(.data)
    kbd_tbl                                  0x200002d4   Data          52  common.o(.data)
    kbd_fn_tbl                               0x20000308   Data           8  common.o(.data)
    netpro                                   0x20000311   Data           1  wifista.o(.data)
    fil                                      0x20000314   Data         552  main.o(.bss)
    buf                                      0x2000053c   Data          20  main.o(.bss)
    buf_save                                 0x20000550   Data          20  main.o(.bss)
    ipbuf                                    0x20000564   Data          16  main.o(.bss)
    num                                      0x20000574   Data          10  main.o(.bss)
    RFID                                     0x2000057e   Data          16  main.o(.bss)
    USART_RX_BUF                             0x2000058e   Data         200  usart.o(.bss)
    lcddev                                   0x20000656   Data          14  lcd.o(.bss)
    TIM5_ICInitStructure                     0x20000664   Data          10  timer.o(.bss)
    SDIO_InitStructure                       0x20000670   Data          24  sdio_sdcard.o(.bss)
    SDIO_CmdInitStructure                    0x20000688   Data          20  sdio_sdcard.o(.bss)
    SDIO_DataInitStructure                   0x2000069c   Data          24  sdio_sdcard.o(.bss)
    SDCardInfo                               0x200006d8   Data          88  sdio_sdcard.o(.bss)
    SDIO_DATA_BUFFER                         0x20000730   Data         512  sdio_sdcard.o(.bss)
    W25QXX_BUFFER                            0x20000930   Data        4096  w25qxx.o(.bss)
    USART3_RX_BUF                            0x20001930   Data         600  usart3.o(.bss)
    USART3_TX_BUF                            0x20001b88   Data         600  usart3.o(.bss)
    fileinfo                                 0x20001de0   Data          32  exfuns.o(.bss)
    dir                                      0x20001e00   Data          36  exfuns.o(.bss)
    mem1base                                 0x20001e40   Data       40960  malloc.o(.bss)
    mem1mapbase                              0x2000be40   Data        2560  malloc.o(.bss)
    picinfo                                  0x2000c840   Data          40  piclib.o(.bss)
    pic_phy                                  0x2000c868   Data          20  piclib.o(.bss)
    ftinfo                                   0x2000c87c   Data          33  fontupd.o(.bss)
    __libspace_start                         0x2000c8a0   Data          96  libspace.o(.bss)
    __temporary_stack_top$libspace           0x2000c900   Data           0  libspace.o(.bss)
    mem2base                                 0x68000000   Data       983040  malloc.o(.ARM.__AT_0x68000000)
    mem2mapbase                              0x680f0000   Data       61440  malloc.o(.ARM.__AT_0x680F0000)



==============================================================================

Memory Map of the image

  Image Entry point : 0x08000131

  Load Region LR_IROM1 (Base: 0x08000000, Size: 0x000222c8, Max: 0x00080000, ABSOLUTE, COMPRESSED[0x000220ec])

    Execution Region ER_IROM1 (Base: 0x08000000, Size: 0x00021fb4, Max: 0x00080000, ABSOLUTE)

    Base Addr    Size         Type   Attr      Idx    E Section Name        Object

    0x08000000   0x00000130   Data   RO          322    RESET               startup_stm32f10x_hd.o
    0x08000130   0x00000008   Code   RO         1511  * !!!main             c_w.l(__main.o)
    0x08000138   0x00000034   Code   RO         1870    !!!scatter          c_w.l(__scatter.o)
    0x0800016c   0x0000005a   Code   RO         1868    !!dczerorl2         c_w.l(__dczerorl2.o)
    0x080001c6   0x00000002   PAD
    0x080001c8   0x0000001c   Code   RO         1872    !!handler_zi        c_w.l(__scatter_zi.o)
    0x080001e4   0x00000000   Code   RO         1496    .ARM.Collect$$_printf_percent$$00000000  c_w.l(_printf_percent.o)
    0x080001e4   0x00000006   Code   RO         1609    .ARM.Collect$$_printf_percent$$00000001  c_w.l(_printf_n.o)
    0x080001ea   0x00000006   Code   RO         1610    .ARM.Collect$$_printf_percent$$00000002  c_w.l(_printf_p.o)
    0x080001f0   0x00000006   Code   RO         1613    .ARM.Collect$$_printf_percent$$00000003  c_w.l(_printf_f.o)
    0x080001f6   0x00000006   Code   RO         1614    .ARM.Collect$$_printf_percent$$00000004  c_w.l(_printf_e.o)
    0x080001fc   0x00000006   Code   RO         1615    .ARM.Collect$$_printf_percent$$00000005  c_w.l(_printf_g.o)
    0x08000202   0x00000006   Code   RO         1616    .ARM.Collect$$_printf_percent$$00000006  c_w.l(_printf_a.o)
    0x08000208   0x0000000a   Code   RO         1621    .ARM.Collect$$_printf_percent$$00000007  c_w.l(_printf_ll.o)
    0x08000212   0x00000006   Code   RO         1612    .ARM.Collect$$_printf_percent$$00000008  c_w.l(_printf_i.o)
    0x08000218   0x00000006   Code   RO         1494    .ARM.Collect$$_printf_percent$$00000009  c_w.l(_printf_d.o)
    0x0800021e   0x00000006   Code   RO         1495    .ARM.Collect$$_printf_percent$$0000000A  c_w.l(_printf_u.o)
    0x08000224   0x00000006   Code   RO         1611    .ARM.Collect$$_printf_percent$$0000000B  c_w.l(_printf_o.o)
    0x0800022a   0x00000006   Code   RO         1493    .ARM.Collect$$_printf_percent$$0000000C  c_w.l(_printf_x.o)
    0x08000230   0x00000006   Code   RO         1618    .ARM.Collect$$_printf_percent$$0000000D  c_w.l(_printf_lli.o)
    0x08000236   0x00000006   Code   RO         1619    .ARM.Collect$$_printf_percent$$0000000E  c_w.l(_printf_lld.o)
    0x0800023c   0x00000006   Code   RO         1620    .ARM.Collect$$_printf_percent$$0000000F  c_w.l(_printf_llu.o)
    0x08000242   0x00000006   Code   RO         1625    .ARM.Collect$$_printf_percent$$00000010  c_w.l(_printf_llo.o)
    0x08000248   0x00000006   Code   RO         1626    .ARM.Collect$$_printf_percent$$00000011  c_w.l(_printf_llx.o)
    0x0800024e   0x0000000a   Code   RO         1622    .ARM.Collect$$_printf_percent$$00000012  c_w.l(_printf_l.o)
    0x08000258   0x00000006   Code   RO         1491    .ARM.Collect$$_printf_percent$$00000013  c_w.l(_printf_c.o)
    0x0800025e   0x00000006   Code   RO         1492    .ARM.Collect$$_printf_percent$$00000014  c_w.l(_printf_s.o)
    0x08000264   0x00000006   Code   RO         1623    .ARM.Collect$$_printf_percent$$00000015  c_w.l(_printf_lc.o)
    0x0800026a   0x00000006   Code   RO         1624    .ARM.Collect$$_printf_percent$$00000016  c_w.l(_printf_ls.o)
    0x08000270   0x00000004   Code   RO         1617    .ARM.Collect$$_printf_percent$$00000017  c_w.l(_printf_percent_end.o)
    0x08000274   0x00000002   Code   RO         1735    .ARM.Collect$$libinit$$00000000  c_w.l(libinit.o)
    0x08000276   0x00000000   Code   RO         1750    .ARM.Collect$$libinit$$00000002  c_w.l(libinit2.o)
    0x08000276   0x00000000   Code   RO         1752    .ARM.Collect$$libinit$$00000004  c_w.l(libinit2.o)
    0x08000276   0x00000000   Code   RO         1755    .ARM.Collect$$libinit$$0000000A  c_w.l(libinit2.o)
    0x08000276   0x00000000   Code   RO         1757    .ARM.Collect$$libinit$$0000000C  c_w.l(libinit2.o)
    0x08000276   0x00000000   Code   RO         1759    .ARM.Collect$$libinit$$0000000E  c_w.l(libinit2.o)
    0x08000276   0x00000006   Code   RO         1760    .ARM.Collect$$libinit$$0000000F  c_w.l(libinit2.o)
    0x0800027c   0x00000000   Code   RO         1762    .ARM.Collect$$libinit$$00000011  c_w.l(libinit2.o)
    0x0800027c   0x0000000c   Code   RO         1763    .ARM.Collect$$libinit$$00000012  c_w.l(libinit2.o)
    0x08000288   0x00000000   Code   RO         1764    .ARM.Collect$$libinit$$00000013  c_w.l(libinit2.o)
    0x08000288   0x00000000   Code   RO         1766    .ARM.Collect$$libinit$$00000015  c_w.l(libinit2.o)
    0x08000288   0x0000000a   Code   RO         1767    .ARM.Collect$$libinit$$00000016  c_w.l(libinit2.o)
    0x08000292   0x00000000   Code   RO         1768    .ARM.Collect$$libinit$$00000017  c_w.l(libinit2.o)
    0x08000292   0x00000000   Code   RO         1770    .ARM.Collect$$libinit$$00000019  c_w.l(libinit2.o)
    0x08000292   0x00000000   Code   RO         1772    .ARM.Collect$$libinit$$0000001B  c_w.l(libinit2.o)
    0x08000292   0x00000000   Code   RO         1774    .ARM.Collect$$libinit$$0000001D  c_w.l(libinit2.o)
    0x08000292   0x00000000   Code   RO         1776    .ARM.Collect$$libinit$$0000001F  c_w.l(libinit2.o)
    0x08000292   0x00000000   Code   RO         1778    .ARM.Collect$$libinit$$00000021  c_w.l(libinit2.o)
    0x08000292   0x00000000   Code   RO         1780    .ARM.Collect$$libinit$$00000023  c_w.l(libinit2.o)
    0x08000292   0x00000000   Code   RO         1782    .ARM.Collect$$libinit$$00000025  c_w.l(libinit2.o)
    0x08000292   0x00000000   Code   RO         1786    .ARM.Collect$$libinit$$0000002C  c_w.l(libinit2.o)
    0x08000292   0x00000000   Code   RO         1788    .ARM.Collect$$libinit$$0000002E  c_w.l(libinit2.o)
    0x08000292   0x00000000   Code   RO         1790    .ARM.Collect$$libinit$$00000030  c_w.l(libinit2.o)
    0x08000292   0x00000000   Code   RO         1792    .ARM.Collect$$libinit$$00000032  c_w.l(libinit2.o)
    0x08000292   0x00000002   Code   RO         1793    .ARM.Collect$$libinit$$00000033  c_w.l(libinit2.o)
    0x08000294   0x00000002   Code   RO         1821    .ARM.Collect$$libshutdown$$00000000  c_w.l(libshutdown.o)
    0x08000296   0x00000000   Code   RO         1836    .ARM.Collect$$libshutdown$$00000003  c_w.l(libshutdown2.o)
    0x08000296   0x00000000   Code   RO         1839    .ARM.Collect$$libshutdown$$00000006  c_w.l(libshutdown2.o)
    0x08000296   0x00000000   Code   RO         1842    .ARM.Collect$$libshutdown$$00000009  c_w.l(libshutdown2.o)
    0x08000296   0x00000000   Code   RO         1844    .ARM.Collect$$libshutdown$$0000000B  c_w.l(libshutdown2.o)
    0x08000296   0x00000000   Code   RO         1847    .ARM.Collect$$libshutdown$$0000000E  c_w.l(libshutdown2.o)
    0x08000296   0x00000002   Code   RO         1848    .ARM.Collect$$libshutdown$$0000000F  c_w.l(libshutdown2.o)
    0x08000298   0x00000000   Code   RO         1579    .ARM.Collect$$rtentry$$00000000  c_w.l(__rtentry.o)
    0x08000298   0x00000000   Code   RO         1647    .ARM.Collect$$rtentry$$00000002  c_w.l(__rtentry2.o)
    0x08000298   0x00000006   Code   RO         1659    .ARM.Collect$$rtentry$$00000004  c_w.l(__rtentry4.o)
    0x0800029e   0x00000000   Code   RO         1649    .ARM.Collect$$rtentry$$00000009  c_w.l(__rtentry2.o)
    0x0800029e   0x00000004   Code   RO         1650    .ARM.Collect$$rtentry$$0000000A  c_w.l(__rtentry2.o)
    0x080002a2   0x00000000   Code   RO         1652    .ARM.Collect$$rtentry$$0000000C  c_w.l(__rtentry2.o)
    0x080002a2   0x00000008   Code   RO         1653    .ARM.Collect$$rtentry$$0000000D  c_w.l(__rtentry2.o)
    0x080002aa   0x00000002   Code   RO         1740    .ARM.Collect$$rtexit$$00000000  c_w.l(rtexit.o)
    0x080002ac   0x00000000   Code   RO         1795    .ARM.Collect$$rtexit$$00000002  c_w.l(rtexit2.o)
    0x080002ac   0x00000004   Code   RO         1796    .ARM.Collect$$rtexit$$00000003  c_w.l(rtexit2.o)
    0x080002b0   0x00000006   Code   RO         1797    .ARM.Collect$$rtexit$$00000004  c_w.l(rtexit2.o)
    0x080002b6   0x00000002   PAD
    0x080002b8   0x0000100c   Code   RO            1    .text               main.o
    0x080012c4   0x0000001a   Code   RO          250    .text               stm32f10x_it.o
    0x080012de   0x00000002   PAD
    0x080012e0   0x000001e0   Code   RO          291    .text               system_stm32f10x.o
    0x080014c0   0x00000040   Code   RO          323    .text               startup_stm32f10x_hd.o
    0x08001500   0x000000dc   Code   RO          327    .text               misc.o
    0x080015dc   0x00000254   Code   RO          423    .text               stm32f10x_dma.o
    0x08001830   0x0000011c   Code   RO          435    .text               stm32f10x_exti.o
    0x0800194c   0x0000060c   Code   RO          459    .text               stm32f10x_fsmc.o
    0x08001f58   0x0000035c   Code   RO          471    .text               stm32f10x_gpio.o
    0x080022b4   0x000003a4   Code   RO          519    .text               stm32f10x_rcc.o
    0x08002658   0x000001d4   Code   RO          545    .text               stm32f10x_sdio.o
    0x0800282c   0x0000030c   Code   RO          557    .text               stm32f10x_spi.o
    0x08002b38   0x00000e1a   Code   RO          569    .text               stm32f10x_tim.o
    0x08003952   0x00000002   PAD
    0x08003954   0x00000408   Code   RO          581    .text               stm32f10x_usart.o
    0x08003d5c   0x000000d4   Code   RO          605    .text               delay.o
    0x08003e30   0x00000018   Code   RO          619    .text               sys.o
    0x08003e48   0x00000148   Code   RO          631    .text               usart.o
    0x08003f90   0x000000fc   Code   RO          666    .text               key.o
    0x0800408c   0x00004a5c   Code   RO          679    .text               lcd.o
    0x08008ae8   0x00000796   Code   RO          702    .text               rc522.o
    0x0800927e   0x00000002   PAD
    0x08009280   0x00000408   Code   RO          714    .text               timer.o
    0x08009688   0x00001c30   Code   RO          731    .text               sdio_sdcard.o
    0x0800b2b8   0x00000190   Code   RO          757    .text               spi.o
    0x0800b448   0x00000218   Code   RO          772    .text               tpad.o
    0x0800b660   0x00000368   Code   RO          794    .text               w25qxx.o
    0x0800b9c8   0x0000025c   Code   RO          828    .text               exti.o
    0x0800bc24   0x0000055a   Code   RO          846    .text               ov7725.o
    0x0800c17e   0x00000002   PAD
    0x0800c180   0x00000294   Code   RO          864    .text               sccb.o
    0x0800c414   0x0000017a   Code   RO          894    .text               24cxx.o
    0x0800c58e   0x00000002   PAD
    0x0800c590   0x0000026c   Code   RO          912    .text               myiic.o
    0x0800c7fc   0x00000284   Code   RO          924    .text               ctiic.o
    0x0800ca80   0x00000338   Code   RO          939    .text               ft5206.o
    0x0800cdb8   0x00000458   Code   RO          958    .text               gt9147.o
    0x0800d210   0x0000036c   Code   RO          981    .text               ott2001a.o
    0x0800d57c   0x00000fb4   Code   RO          997    .text               touch.o
    0x0800e530   0x00000180   Code   RO         1017    .text               usart3.o
    0x0800e6b0   0x00000524   Code   RO         1043    .text               mp3player.o
    0x0800ebd4   0x00000754   Code   RO         1069    .text               vs10xx.o
    0x0800f328   0x00000200   Code   RO         1088    .text               diskio.o
    0x0800f528   0x000032e4   Code   RO         1106    .text               ff.o
    0x0801280c   0x000001a8   Code   RO         1133    .text               exfuns.o
    0x080129b4   0x000000cc   Code   RO         1157    .text               mycc936_1.o
    0x08012a80   0x000006c8   Code   RO         1170    .text               fattester.o
    0x08013148   0x0000022c   Code   RO         1182    .text               malloc.o
    0x08013374   0x0000088c   Code   RO         1204    .text               bmp.o
    0x08013c00   0x00000ea0   Code   RO         1216    .text               gif.o
    0x08014aa0   0x000002f0   Code   RO         1235    .text               piclib.o
    0x08014d90   0x00001270   Code   RO         1253    .text               tjpgd.o
    0x08016000   0x000005d0   Code   RO         1285    .text               fontupd.o
    0x080165d0   0x000002d4   Code   RO         1306    .text               text.o
    0x080168a4   0x00000c38   Code   RO         1318    .text               usmart.o
    0x080174dc   0x00000528   Code   RO         1350    .text               usmart_str.o
    0x08017a04   0x00000884   Code   RO         1362    .text               apsta.o
    0x08018288   0x000014e0   Code   RO         1378    .text               common.o
    0x08019768   0x0000026c   Code   RO         1398    .text               wifiap.o
    0x080199d4   0x00000888   Code   RO         1411    .text               wifista.o
    0x0801a25c   0x00000002   Code   RO         1428    .text               c_w.l(use_no_semi_2.o)
    0x0801a25e   0x00000048   Code   RO         1430    .text               c_w.l(llsdiv.o)
    0x0801a2a6   0x00000002   PAD
    0x0801a2a8   0x00000024   Code   RO         1432    .text               c_w.l(c89vsprintf.o)
    0x0801a2cc   0x00000018   Code   RO         1434    .text               c_w.l(__2printf.o)
    0x0801a2e4   0x0000002c   Code   RO         1436    .text               c_w.l(__2sprintf.o)
    0x0801a310   0x0000004e   Code   RO         1444    .text               c_w.l(_printf_pad.o)
    0x0801a35e   0x00000052   Code   RO         1446    .text               c_w.l(_printf_str.o)
    0x0801a3b0   0x00000078   Code   RO         1448    .text               c_w.l(_printf_dec.o)
    0x0801a428   0x00000094   Code   RO         1468    .text               c_w.l(_printf_hex_int_ll_ptr.o)
    0x0801a4bc   0x00000188   Code   RO         1488    .text               c_w.l(__printf_flags_ss_wp.o)
    0x0801a644   0x00000024   Code   RO         1497    .text               c_w.l(strstr.o)
    0x0801a668   0x00000048   Code   RO         1499    .text               c_w.l(strcpy.o)
    0x0801a6b0   0x0000003e   Code   RO         1501    .text               c_w.l(strlen.o)
    0x0801a6ee   0x00000018   Code   RO         1503    .text               c_w.l(strcat.o)
    0x0801a706   0x0000008a   Code   RO         1505    .text               c_w.l(rt_memcpy_v6.o)
    0x0801a790   0x00000080   Code   RO         1507    .text               c_w.l(strcmpv7m.o)
    0x0801a810   0x00000006   Code   RO         1509    .text               c_w.l(heapauxi.o)
    0x0801a816   0x00000002   Code   RO         1577    .text               c_w.l(use_no_semi.o)
    0x0801a818   0x000000ee   Code   RO         1580    .text               c_w.l(lludivv7m.o)
    0x0801a906   0x00000016   Code   RO         1582    .text               c_w.l(_rserrno.o)
    0x0801a91c   0x00000024   Code   RO         1584    .text               c_w.l(_printf_truncate.o)
    0x0801a940   0x000000b2   Code   RO         1586    .text               c_w.l(_printf_intcommon.o)
    0x0801a9f2   0x00000028   Code   RO         1588    .text               c_w.l(_printf_charcount.o)
    0x0801aa1a   0x00000002   PAD
    0x0801aa1c   0x00000030   Code   RO         1590    .text               c_w.l(_printf_char_common.o)
    0x0801aa4c   0x0000000a   Code   RO         1592    .text               c_w.l(_sputc.o)
    0x0801aa56   0x0000002c   Code   RO         1594    .text               c_w.l(_printf_char.o)
    0x0801aa82   0x00000002   PAD
    0x0801aa84   0x00000024   Code   RO         1596    .text               c_w.l(_printf_char_file.o)
    0x0801aaa8   0x000000bc   Code   RO         1598    .text               c_w.l(_printf_wctomb.o)
    0x0801ab64   0x0000007c   Code   RO         1601    .text               c_w.l(_printf_longlong_dec.o)
    0x0801abe0   0x00000070   Code   RO         1607    .text               c_w.l(_printf_oct_int_ll.o)
    0x0801ac50   0x00000064   Code   RO         1627    .text               c_w.l(rt_memcpy_w.o)
    0x0801acb4   0x00000008   Code   RO         1668    .text               c_w.l(rt_errno_addr_intlibspace.o)
    0x0801acbc   0x0000008a   Code   RO         1670    .text               c_w.l(lludiv10.o)
    0x0801ad46   0x0000041a   Code   RO         1672    .text               c_w.l(_printf_fp_dec.o)
    0x0801b160   0x0000002c   Code   RO         1676    .text               c_w.l(_printf_wchar.o)
    0x0801b18c   0x00000008   Code   RO         1678    .text               c_w.l(ferror.o)
    0x0801b194   0x00000040   Code   RO         1682    .text               c_w.l(_wcrtomb.o)
    0x0801b1d4   0x00000008   Code   RO         1684    .text               c_w.l(libspace.o)
    0x0801b1dc   0x0000004a   Code   RO         1687    .text               c_w.l(sys_stackheap_outer.o)
    0x0801b226   0x00000002   PAD
    0x0801b228   0x00000010   Code   RO         1689    .text               c_w.l(rt_ctype_table.o)
    0x0801b238   0x00000008   Code   RO         1696    .text               c_w.l(rt_locale_intlibspace.o)
    0x0801b240   0x00000080   Code   RO         1698    .text               c_w.l(_printf_fp_infnan.o)
    0x0801b2c0   0x000000dc   Code   RO         1700    .text               c_w.l(bigflt0.o)
    0x0801b39c   0x0000000c   Code   RO         1728    .text               c_w.l(exit.o)
    0x0801b3a8   0x0000003e   Code   RO         1703    CL$$btod_d2e        c_w.l(btod.o)
    0x0801b3e6   0x00000046   Code   RO         1705    CL$$btod_d2e_denorm_low  c_w.l(btod.o)
    0x0801b42c   0x00000060   Code   RO         1704    CL$$btod_d2e_norm_op1  c_w.l(btod.o)
    0x0801b48c   0x00000338   Code   RO         1713    CL$$btod_div_common  c_w.l(btod.o)
    0x0801b7c4   0x000000c6   Code   RO         1710    CL$$btod_e2e        c_w.l(btod.o)
    0x0801b88a   0x00000028   Code   RO         1707    CL$$btod_ediv       c_w.l(btod.o)
    0x0801b8b2   0x00000028   Code   RO         1706    CL$$btod_emul       c_w.l(btod.o)
    0x0801b8da   0x00000244   Code   RO         1712    CL$$btod_mult_common  c_w.l(btod.o)
    0x0801bb1e   0x00000028   Code   RO         1738    i.__ARM_fpclassify  m_ws.l(fpclassify.o)
    0x0801bb46   0x0000000e   Code   RO         1481    i._is_digit         c_w.l(__printf_wp.o)
    0x0801bb54   0x0000004c   Code   RO         1570    i.sqrt              m_ws.l(sqrt.o)
    0x0801bba0   0x0000002c   Code   RO         1726    locale$$code        c_w.l(lc_numeric_c.o)
    0x0801bbcc   0x0000002c   Code   RO         1743    locale$$code        c_w.l(lc_ctype_c.o)
    0x0801bbf8   0x00000150   Code   RO         1513    x$fpl$dadd          fz_ws.l(daddsub_clz.o)
    0x0801bd48   0x00000018   Code   RO         1629    x$fpl$dcmpinf       fz_ws.l(dcmpi.o)
    0x0801bd60   0x0000005a   Code   RO         1519    x$fpl$dfixu         fz_ws.l(dfixu.o)
    0x0801bdba   0x0000002e   Code   RO         1524    x$fpl$dflt          fz_ws.l(dflt_clz.o)
    0x0801bde8   0x00000026   Code   RO         1523    x$fpl$dfltu         fz_ws.l(dflt_clz.o)
    0x0801be0e   0x00000002   PAD
    0x0801be10   0x00000078   Code   RO         1529    x$fpl$dleqf         fz_ws.l(dleqf.o)
    0x0801be88   0x00000154   Code   RO         1531    x$fpl$dmul          fz_ws.l(dmul.o)
    0x0801bfdc   0x0000009c   Code   RO         1631    x$fpl$dnaninf       fz_ws.l(dnaninf.o)
    0x0801c078   0x0000000c   Code   RO         1633    x$fpl$dretinf       fz_ws.l(dretinf.o)
    0x0801c084   0x0000006c   Code   RO         1533    x$fpl$drleqf        fz_ws.l(drleqf.o)
    0x0801c0f0   0x00000016   Code   RO         1514    x$fpl$drsb          fz_ws.l(daddsub_clz.o)
    0x0801c106   0x00000002   PAD
    0x0801c108   0x000001cc   Code   RO         1635    x$fpl$dsqrt         fz_ws.l(dsqrt_noumaal.o)
    0x0801c2d4   0x000001d4   Code   RO         1515    x$fpl$dsub          fz_ws.l(daddsub_clz.o)
    0x0801c4a8   0x00000056   Code   RO         1535    x$fpl$f2d           fz_ws.l(f2d.o)
    0x0801c4fe   0x00000002   PAD
    0x0801c500   0x000000c4   Code   RO         1537    x$fpl$fadd          fz_ws.l(faddsub_clz.o)
    0x0801c5c4   0x00000018   Code   RO         1637    x$fpl$fcmpinf       fz_ws.l(fcmpi.o)
    0x0801c5dc   0x00000184   Code   RO         1544    x$fpl$fdiv          fz_ws.l(fdiv.o)
    0x0801c760   0x00000068   Code   RO         1547    x$fpl$feqf          fz_ws.l(feqf.o)
    0x0801c7c8   0x00000036   Code   RO         1549    x$fpl$ffix          fz_ws.l(ffix.o)
    0x0801c7fe   0x00000002   PAD
    0x0801c800   0x0000003e   Code   RO         1553    x$fpl$ffixu         fz_ws.l(ffixu.o)
    0x0801c83e   0x00000002   PAD
    0x0801c840   0x00000030   Code   RO         1558    x$fpl$fflt          fz_ws.l(fflt_clz.o)
    0x0801c870   0x00000026   Code   RO         1557    x$fpl$ffltu         fz_ws.l(fflt_clz.o)
    0x0801c896   0x00000002   PAD
    0x0801c898   0x00000068   Code   RO         1563    x$fpl$fleqf         fz_ws.l(fleqf.o)
    0x0801c900   0x00000102   Code   RO         1565    x$fpl$fmul          fz_ws.l(fmul.o)
    0x0801ca02   0x0000008c   Code   RO         1639    x$fpl$fnaninf       fz_ws.l(fnaninf.o)
    0x0801ca8e   0x0000000a   Code   RO         1641    x$fpl$fretinf       fz_ws.l(fretinf.o)
    0x0801ca98   0x00000062   Code   RO         1567    x$fpl$frleqf        fz_ws.l(frleqf.o)
    0x0801cafa   0x00000002   PAD
    0x0801cafc   0x000000ea   Code   RO         1539    x$fpl$fsub          fz_ws.l(faddsub_clz.o)
    0x0801cbe6   0x00000004   Code   RO         1643    x$fpl$printf1       fz_ws.l(printf1.o)
    0x0801cbea   0x00000000   Code   RO         1645    x$fpl$usenofp       fz_ws.l(usenofp.o)
    0x0801cbea   0x000017c0   Data   RO          681    .constdata          lcd.o
    0x0801e3aa   0x00000082   Data   RO          847    .constdata          ov7725.o
    0x0801e42c   0x0000000a   Data   RO          940    .constdata          ft5206.o
    0x0801e436   0x000000c2   Data   RO          959    .constdata          gt9147.o
    0x0801e4f8   0x0000000a   Data   RO          982    .constdata          ott2001a.o
    0x0801e502   0x00000002   PAD
    0x0801e504   0x00000004   Data   RO          998    .constdata          touch.o
    0x0801e508   0x00002a72   Data   RO         1044    .constdata          mp3player.o
    0x08020f7a   0x00000040   Data   RO         1070    .constdata          vs10xx.o
    0x08020fba   0x0000003a   Data   RO         1107    .constdata          ff.o
    0x08020ff4   0x00000138   Data   RO         1135    .constdata          exfuns.o
    0x0802112c   0x000003c0   Data   RO         1158    .constdata          mycc936_1.o
    0x080214ec   0x00000018   Data   RO         1186    .constdata          malloc.o
    0x08021504   0x00000028   Data   RO         1217    .constdata          gif.o
    0x0802152c   0x000004c0   Data   RO         1254    .constdata          tjpgd.o
    0x080219ec   0x00000010   Data   RO         1287    .constdata          fontupd.o
    0x080219fc   0x00000028   Data   RO         1469    .constdata          c_w.l(_printf_hex_int_ll_ptr.o)
    0x08021a24   0x00000011   Data   RO         1489    .constdata          c_w.l(__printf_flags_ss_wp.o)
    0x08021a35   0x00000003   PAD
    0x08021a38   0x00000008   Data   RO         1599    .constdata          c_w.l(_printf_wctomb.o)
    0x08021a40   0x00000094   Data   RO         1701    .constdata          c_w.l(bigflt0.o)
    0x08021ad4   0x00000005   Data   RO            3    .conststring        main.o
    0x08021ad9   0x00000003   PAD
    0x08021adc   0x00000079   Data   RO          999    .conststring        touch.o
    0x08021b55   0x00000003   PAD
    0x08021b58   0x00000060   Data   RO         1136    .conststring        exfuns.o
    0x08021bb8   0x0000005f   Data   RO         1288    .conststring        fontupd.o
    0x08021c17   0x00000001   PAD
    0x08021c18   0x00000028   Data   RO         1319    .conststring        usmart.o
    0x08021c40   0x00000144   Data   RO         1334    .conststring        usmart_config.o
    0x08021d84   0x000000e2   Data   RO         1379    .conststring        common.o
    0x08021e66   0x00000002   PAD
    0x08021e68   0x00000020   Data   RO         1866    Region$$Table       anon$$obj.o
    0x08021e88   0x0000001c   Data   RO         1725    locale$$data        c_w.l(lc_numeric_c.o)
    0x08021ea4   0x00000110   Data   RO         1742    locale$$data        c_w.l(lc_ctype_c.o)


    Execution Region RW_IRAM1 (Base: 0x20000000, Size: 0x0000cf00, Max: 0x00010000, ABSOLUTE, COMPRESSED[0x00000138])

    Base Addr    Size         Type   Attr      Idx    E Section Name        Object

    0x20000000   0x00000056   Data   RW            4    .data               main.o
    0x20000056   0x00000002   PAD
    0x20000058   0x00000014   Data   RW          292    .data               system_stm32f10x.o
    0x2000006c   0x00000014   Data   RW          520    .data               stm32f10x_rcc.o
    0x20000080   0x00000004   Data   RW          606    .data               delay.o
    0x20000084   0x00000006   Data   RW          633    .data               usart.o
    0x2000008a   0x00000001   Data   RW          667    .data               key.o
    0x2000008b   0x00000001   PAD
    0x2000008c   0x00000004   Data   RW          682    .data               lcd.o
    0x20000090   0x00000005   Data   RW          716    .data               timer.o
    0x20000095   0x00000003   PAD
    0x20000098   0x00000010   Data   RW          733    .data               sdio_sdcard.o
    0x200000a8   0x00000003   Data   RW          773    .data               tpad.o
    0x200000ab   0x00000001   PAD
    0x200000ac   0x00000002   Data   RW          796    .data               w25qxx.o
    0x200000ae   0x00000001   Data   RW          829    .data               exti.o
    0x200000af   0x00000001   Data   RW          941    .data               ft5206.o
    0x200000b0   0x00000001   Data   RW          960    .data               gt9147.o
    0x200000b1   0x00000001   Data   RW          983    .data               ott2001a.o
    0x200000b2   0x00000002   PAD
    0x200000b4   0x00000036   Data   RW         1000    .data               touch.o
    0x200000ea   0x00000002   Data   RW         1019    .data               usart3.o
    0x200000ec   0x00000004   Data   RW         1045    .data               mp3player.o
    0x200000f0   0x00000008   Data   RW         1071    .data               vs10xx.o
    0x200000f8   0x00000002   Data   RW         1089    .data               diskio.o
    0x200000fa   0x00000002   PAD
    0x200000fc   0x0000000a   Data   RW         1108    .data               ff.o
    0x20000106   0x00000002   PAD
    0x20000108   0x0000001c   Data   RW         1137    .data               exfuns.o
    0x20000124   0x0000001c   Data   RW         1187    .data               malloc.o
    0x20000140   0x00000001   Data   RW         1218    .data               gif.o
    0x20000141   0x00000003   PAD
    0x20000144   0x0000000c   Data   RW         1255    .data               tjpgd.o
    0x20000150   0x0000001c   Data   RW         1320    .data               usmart.o
    0x2000016c   0x00000124   Data   RW         1335    .data               usmart_config.o
    0x20000290   0x00000081   Data   RW         1380    .data               common.o
    0x20000311   0x00000001   Data   RW         1412    .data               wifista.o
    0x20000312   0x00000002   PAD
    0x20000314   0x0000027a   Zero   RW            2    .bss                main.o
    0x2000058e   0x000000c8   Zero   RW          632    .bss                usart.o
    0x20000656   0x0000000e   Zero   RW          680    .bss                lcd.o
    0x20000664   0x0000000a   Zero   RW          715    .bss                timer.o
    0x2000066e   0x00000002   PAD
    0x20000670   0x000002c0   Zero   RW          732    .bss                sdio_sdcard.o
    0x20000930   0x00001000   Zero   RW          795    .bss                w25qxx.o
    0x20001930   0x000004b0   Zero   RW         1018    .bss                usart3.o
    0x20001de0   0x00000044   Zero   RW         1134    .bss                exfuns.o
    0x20001e24   0x0000001c   PAD
    0x20001e40   0x0000aa00   Zero   RW         1185    .bss                malloc.o
    0x2000c840   0x0000003c   Zero   RW         1236    .bss                piclib.o
    0x2000c87c   0x00000021   Zero   RW         1286    .bss                fontupd.o
    0x2000c89d   0x00000003   PAD
    0x2000c8a0   0x00000060   Zero   RW         1685    .bss                c_w.l(libspace.o)
    0x2000c900   0x00000200   Zero   RW          321    HEAP                startup_stm32f10x_hd.o
    0x2000cb00   0x00000400   Zero   RW          320    STACK               startup_stm32f10x_hd.o



  Load Region LR$$.ARM.__AT_0x68000000 (Base: 0x68000000, Size: 0x00000000, Max: 0x000f0000, ABSOLUTE)

    Execution Region ER$$.ARM.__AT_0x68000000 (Base: 0x68000000, Size: 0x000f0000, Max: 0x000f0000, ABSOLUTE, UNINIT)

    Base Addr    Size         Type   Attr      Idx    E Section Name        Object

    0x68000000   0x000f0000   Zero   RW         1183    .ARM.__AT_0x68000000  malloc.o



  Load Region LR$$.ARM.__AT_0x680F0000 (Base: 0x680f0000, Size: 0x00000000, Max: 0x0000f000, ABSOLUTE)

    Execution Region ER$$.ARM.__AT_0x680F0000 (Base: 0x680f0000, Size: 0x0000f000, Max: 0x0000f000, ABSOLUTE, UNINIT)

    Base Addr    Size         Type   Attr      Idx    E Section Name        Object

    0x680f0000   0x0000f000   Zero   RW         1184    .ARM.__AT_0x680F0000  malloc.o


==============================================================================

Image component sizes


      Code (inc. data)   RO Data    RW Data    ZI Data      Debug   Object Name

       378          0          0          0          0       2638   24cxx.o
      2180        744          0          0          0       1542   apsta.o
      2188         24          0          0          0       5126   bmp.o
      5344       1124        226        129          0       8069   common.o
         0          0          0          0          0         32   core_cm3.o
       644         24          0          0          0       2025   ctiic.o
       212         18          0          4          0       1007   delay.o
       512          8          0          2          0       4138   diskio.o
       424         22        408         28         68       2680   exfuns.o
       604         34          0          1          0       1820   exti.o
      1736        690          0          0          0       5628   fattester.o
     13028        144         58         10          0      39330   ff.o
      1488        158        111          0         33       4072   fontupd.o
       824         38         10          1          0       2463   ft5206.o
      3744         24         40          1          0       9826   gif.o
      1112         74        194          1          0       2978   gt9147.o
       252         12          0          1          0        824   key.o
     19036        162       6080          4         14      21630   lcd.o
      4108        802          5         86        634     300764   main.o
       556         18         24         28    1088000       4528   malloc.o
       220         22          0          0          0       1773   misc.o
      1316        100      10866          4          0       7358   mp3player.o
       204         12        960          0          0       1569   mycc936_1.o
       620         14          0          0          0       1856   myiic.o
       876         56         10          1          0       2615   ott2001a.o
      1370         78        130          0          0       5185   ov7725.o
       752         30          0          0         60       4443   piclib.o
      1942         12          0          0          0       7338   rc522.o
       660         24          0          0          0       2003   sccb.o
      7216        256          0         16        704      24404   sdio_sdcard.o
       400         16          0          0          0       1348   spi.o
        64         26        304          0       1536        976   startup_stm32f10x_hd.o
       596          8          0          0          0       4298   stm32f10x_dma.o
       284         10          0          0          0       2203   stm32f10x_exti.o
      1548         18          0          0          0       5315   stm32f10x_fsmc.o
       860         38          0          0          0       5617   stm32f10x_gpio.o
        26          0          0          0          0       1186   stm32f10x_it.o
       932         36          0         20          0       8776   stm32f10x_rcc.o
       468         22          0          0          0       7060   stm32f10x_sdio.o
       780         14          0          0          0       6498   stm32f10x_spi.o
      3610         88          0          0          0      22100   stm32f10x_tim.o
      1032         22          0          0          0       8340   stm32f10x_usart.o
        24          0          0          0          0        766   sys.o
       480         38          0         20          0       1727   system_stm32f10x.o
       724         16          0          0          0       2944   text.o
      1032         46          0          5         10       3116   timer.o
      4720         72       1216         12          0      16999   tjpgd.o
      4020        222        125         54          0       6637   touch.o
       536         18          0          3          0       2375   tpad.o
       328         18          0          6        200       3146   usart.o
       384         26          0          2       1200       2538   usart3.o
      3128       1288         40         28          0       4306   usmart.o
         0          0        324        292          0       1556   usmart_config.o
      1320         12          0          0          0       5041   usmart_str.o
      1876         48         64          8          0       8190   vs10xx.o
       872         30          0          2       4096       4313   w25qxx.o
       620        110          0          0          0       1169   wifiap.o
      2184        646          0          1          0       1845   wifista.o

    ----------------------------------------------------------------------
    106404       7612      21238        788    1096588     620049   Object Totals
         0          0         32          0          0          0   (incl. Generated)
        10          0         11         18         33          0   (incl. Padding)

    ----------------------------------------------------------------------

      Code (inc. data)   RO Data    RW Data    ZI Data      Debug   Library Member Name

        24          4          0          0          0         84   __2printf.o
        44          6          0          0          0         84   __2sprintf.o
        90          0          0          0          0          0   __dczerorl2.o
         8          0          0          0          0         68   __main.o
       392          4         17          0          0         92   __printf_flags_ss_wp.o
        14          0          0          0          0         68   __printf_wp.o
         0          0          0          0          0          0   __rtentry.o
        12          0          0          0          0          0   __rtentry2.o
         6          0          0          0          0          0   __rtentry4.o
        52          8          0          0          0          0   __scatter.o
        28          0          0          0          0          0   __scatter_zi.o
         6          0          0          0          0          0   _printf_a.o
         6          0          0          0          0          0   _printf_c.o
        44          0          0          0          0        108   _printf_char.o
        48          6          0          0          0         96   _printf_char_common.o
        36          4          0          0          0         80   _printf_char_file.o
        40          0          0          0          0         68   _printf_charcount.o
         6          0          0          0          0          0   _printf_d.o
       120         16          0          0          0         92   _printf_dec.o
         6          0          0          0          0          0   _printf_e.o
         6          0          0          0          0          0   _printf_f.o
      1050          0          0          0          0        216   _printf_fp_dec.o
       128         16          0          0          0         84   _printf_fp_infnan.o
         6          0          0          0          0          0   _printf_g.o
       148          4         40          0          0        160   _printf_hex_int_ll_ptr.o
         6          0          0          0          0          0   _printf_i.o
       178          0          0          0          0         88   _printf_intcommon.o
        10          0          0          0          0          0   _printf_l.o
         6          0          0          0          0          0   _printf_lc.o
        10          0          0          0          0          0   _printf_ll.o
         6          0          0          0          0          0   _printf_lld.o
         6          0          0          0          0          0   _printf_lli.o
         6          0          0          0          0          0   _printf_llo.o
         6          0          0          0          0          0   _printf_llu.o
         6          0          0          0          0          0   _printf_llx.o
       124         16          0          0          0         92   _printf_longlong_dec.o
         6          0          0          0          0          0   _printf_ls.o
         6          0          0          0          0          0   _printf_n.o
         6          0          0          0          0          0   _printf_o.o
       112          8          0          0          0        124   _printf_oct_int_ll.o
         6          0          0          0          0          0   _printf_p.o
        78          0          0          0          0        108   _printf_pad.o
         0          0          0          0          0          0   _printf_percent.o
         4          0          0          0          0          0   _printf_percent_end.o
         6          0          0          0          0          0   _printf_s.o
        82          0          0          0          0         80   _printf_str.o
        36          0          0          0          0         84   _printf_truncate.o
         6          0          0          0          0          0   _printf_u.o
        44          0          0          0          0        108   _printf_wchar.o
       188          6          8          0          0         92   _printf_wctomb.o
         6          0          0          0          0          0   _printf_x.o
        22          0          0          0          0        100   _rserrno.o
        10          0          0          0          0         68   _sputc.o
        64          0          0          0          0         92   _wcrtomb.o
       220          4        148          0          0         96   bigflt0.o
      1910        128          0          0          0        672   btod.o
        36          4          0          0          0         76   c89vsprintf.o
        12          0          0          0          0         72   exit.o
         8          0          0          0          0         68   ferror.o
         6          0          0          0          0        152   heapauxi.o
        44         10        272          0          0         76   lc_ctype_c.o
        44         10         28          0          0         76   lc_numeric_c.o
         2          0          0          0          0          0   libinit.o
        30          0          0          0          0          0   libinit2.o
         2          0          0          0          0          0   libshutdown.o
         2          0          0          0          0          0   libshutdown2.o
         8          4          0          0         96         68   libspace.o
        72          0          0          0          0         76   llsdiv.o
       138          0          0          0          0         80   lludiv10.o
       238          0          0          0          0        100   lludivv7m.o
        16          4          0          0          0         76   rt_ctype_table.o
         8          4          0          0          0         68   rt_errno_addr_intlibspace.o
         8          4          0          0          0         68   rt_locale_intlibspace.o
       138          0          0          0          0         68   rt_memcpy_v6.o
       100          0          0          0          0         80   rt_memcpy_w.o
         2          0          0          0          0          0   rtexit.o
        10          0          0          0          0          0   rtexit2.o
        24          0          0          0          0         68   strcat.o
       128          0          0          0          0         68   strcmpv7m.o
        72          0          0          0          0         80   strcpy.o
        62          0          0          0          0         76   strlen.o
        36          0          0          0          0         80   strstr.o
        74          0          0          0          0         80   sys_stackheap_outer.o
         2          0          0          0          0         68   use_no_semi.o
         2          0          0          0          0         68   use_no_semi_2.o
       826         16          0          0          0        348   daddsub_clz.o
        24          0          0          0          0         68   dcmpi.o
        90          4          0          0          0         92   dfixu.o
        84          0          0          0          0        136   dflt_clz.o
       120          4          0          0          0         92   dleqf.o
       340         12          0          0          0        104   dmul.o
       156          4          0          0          0         92   dnaninf.o
        12          0          0          0          0         68   dretinf.o
       108          0          0          0          0         80   drleqf.o
       460         56          0          0          0        120   dsqrt_noumaal.o
        86          4          0          0          0         84   f2d.o
       430          8          0          0          0        168   faddsub_clz.o
        24          0          0          0          0         68   fcmpi.o
       388         76          0          0          0         96   fdiv.o
       104          4          0          0          0         84   feqf.o
        54          4          0          0          0         84   ffix.o
        62          4          0          0          0         84   ffixu.o
        86          0          0          0          0        136   fflt_clz.o
       104          4          0          0          0         84   fleqf.o
       258          4          0          0          0         84   fmul.o
       140          4          0          0          0         84   fnaninf.o
        10          0          0          0          0         68   fretinf.o
        98          0          0          0          0         68   frleqf.o
         4          0          0          0          0         68   printf1.o
         0          0          0          0          0          0   usenofp.o
        40          0          0          0          0         68   fpclassify.o
        76          0          0          0          0         84   sqrt.o

    ----------------------------------------------------------------------
     11030        478        516          0         96       7508   Library Totals
        26          0          3          0          0          0   (incl. Padding)

    ----------------------------------------------------------------------

      Code (inc. data)   RO Data    RW Data    ZI Data      Debug   Library Name

      6820        270        513          0         96       4896   c_w.l
      4068        208          0          0          0       2460   fz_ws.l
       116          0          0          0          0        152   m_ws.l

    ----------------------------------------------------------------------
     11030        478        516          0         96       7508   Library Totals

    ----------------------------------------------------------------------

==============================================================================


      Code (inc. data)   RO Data    RW Data    ZI Data      Debug   

    117434       8090      21754        788    1096684     618557   Grand Totals
    117434       8090      21754        312    1096684     618557   ELF Image Totals (compressed)
    117434       8090      21754        312          0          0   ROM Totals

==============================================================================

    Total RO  Size (Code + RO Data)               139188 ( 135.93kB)
    Total RW  Size (RW Data + ZI Data)           1097472 (1071.75kB)
    Total ROM Size (Code + RO Data + RW Data)     139500 ( 136.23kB)

==============================================================================

